127.0.0.1 - - [12/May/2018:08:04:48 +0530] "GET / HTTP/1.1" 404 1074
0:0:0:0:0:0:0:1 - - [12/May/2018:08:04:58 +0530] "GET /CollaborationController/getAllUserList HTTP/1.1" 200 1930
0:0:0:0:0:0:0:1 - - [12/May/2018:08:57:37 +0530] "DELETE /CollaborationController/deleteByUserName-Kouakou HTTP/1.1" 404 307
0:0:0:0:0:0:0:1 - - [12/May/2018:08:57:53 +0530] "DELETE /CollaborationController/deleteByUserName-Kouakou HTTP/1.1" 404 307
0:0:0:0:0:0:0:1 - - [12/May/2018:08:58:39 +0530] "DELETE /CollaborationController/deleteByUserName-Kouakou HTTP/1.1" 404 307
0:0:0:0:0:0:0:1 - - [12/May/2018:08:58:41 +0530] "DELETE /CollaborationController/deleteByUserName-Kouakou HTTP/1.1" 404 307
0:0:0:0:0:0:0:1 - - [12/May/2018:08:59:03 +0530] "DELETE /CollaborationController/deleteByUserName-Kouakou HTTP/1.1" 404 312
127.0.0.1 - - [12/May/2018:08:59:53 +0530] "GET / HTTP/1.1" 404 1074
0:0:0:0:0:0:0:1 - - [12/May/2018:09:01:37 +0530] "DELETE /CollaborationController/deleteByUserName-Kouakou HTTP/1.1" 404 312
0:0:0:0:0:0:0:1 - - [12/May/2018:09:02:10 +0530] "DELETE /CollaborationController/deleteByUserName-Kouakou HTTP/1.1" 404 307
0:0:0:0:0:0:0:1 - - [12/May/2018:09:56:52 +0530] "DELETE /CollaborationController/deleteByUserName-Kouakou HTTP/1.1" 404 307
0:0:0:0:0:0:0:1 - - [12/May/2018:09:57:46 +0530] "DELETE /CollaborationController/deleteByUserName-praveen HTTP/1.1" 404 307
0:0:0:0:0:0:0:1 - - [12/May/2018:09:58:10 +0530] "DELETE /CollaborationController/deleteByUserName-Praveen HTTP/1.1" 500 5377
0:0:0:0:0:0:0:1 - - [12/May/2018:09:58:25 +0530] "DELETE /CollaborationController/deleteByUserName-Praveen HTTP/1.1" 404 307
0:0:0:0:0:0:0:1 - - [12/May/2018:09:59:07 +0530] "DELETE /CollaborationController/deleteByUserName-Manu HTTP/1.1" 500 5377
127.0.0.1 - - [12/May/2018:10:01:49 +0530] "GET / HTTP/1.1" 404 1074
0:0:0:0:0:0:0:1 - - [12/May/2018:10:02:15 +0530] "DELETE /CollaborationController/deleteByUserName-Mark HTTP/1.1" 200 338
0:0:0:0:0:0:0:1 - - [12/May/2018:10:02:44 +0530] "DELETE /CollaborationController/deleteByUserName-Mark HTTP/1.1" 404 304
0:0:0:0:0:0:0:1 - - [12/May/2018:10:06:41 +0530] "DELETE /CollaborationController/deleteByUserName-Mark HTTP/1.1" 404 1047
0:0:0:0:0:0:0:1 - - [12/May/2018:10:06:44 +0530] "DELETE /CollaborationController/deleteByUserName-Mark HTTP/1.1" 404 1047
0:0:0:0:0:0:0:1 - - [12/May/2018:10:06:44 +0530] "DELETE /CollaborationController/deleteByUserName-Mark HTTP/1.1" 404 1047
0:0:0:0:0:0:0:1 - - [12/May/2018:10:06:56 +0530] "DELETE /CollaborationController/deleteByUserName-Ma HTTP/1.1" 404 1047
127.0.0.1 - - [12/May/2018:10:07:16 +0530] "GET / HTTP/1.1" 404 1074
0:0:0:0:0:0:0:1 - - [12/May/2018:10:07:24 +0530] "DELETE /CollaborationController/deleteByUserName-Ma HTTP/1.1" 403 983
0:0:0:0:0:0:0:1 - - [12/May/2018:10:07:34 +0530] "DELETE /CollaborationController/deleteByUserName-Mark HTTP/1.1" 403 983
0:0:0:0:0:0:0:1 - - [12/May/2018:10:07:47 +0530] "DELETE /CollaborationController/deleteByUserName-Mark HTTP/1.1" 403 983
0:0:0:0:0:0:0:1 - - [12/May/2018:10:07:47 +0530] "DELETE /CollaborationController/deleteByUserName-Mark HTTP/1.1" 403 983
0:0:0:0:0:0:0:1 - - [12/May/2018:10:07:48 +0530] "DELETE /CollaborationController/deleteByUserName-Mark HTTP/1.1" 403 983
0:0:0:0:0:0:0:1 - - [12/May/2018:10:07:48 +0530] "DELETE /CollaborationController/deleteByUserName-Mark HTTP/1.1" 403 983
0:0:0:0:0:0:0:1 - - [12/May/2018:10:07:48 +0530] "DELETE /CollaborationController/deleteByUserName-Mark HTTP/1.1" 403 983
127.0.0.1 - - [12/May/2018:10:08:18 +0530] "GET / HTTP/1.1" 404 1074
0:0:0:0:0:0:0:1 - - [12/May/2018:10:08:25 +0530] "DELETE /CollaborationController/deleteByUserName-Mark HTTP/1.1" 403 983
0:0:0:0:0:0:0:1 - - [12/May/2018:10:08:26 +0530] "DELETE /CollaborationController/deleteByUserName-Mark HTTP/1.1" 403 983
0:0:0:0:0:0:0:1 - - [12/May/2018:10:08:29 +0530] "DELETE /CollaborationController/deleteByUserName-Mark HTTP/1.1" 403 983
0:0:0:0:0:0:0:1 - - [12/May/2018:10:08:34 +0530] "DELETE /CollaborationController/deleteByUserName-KOo HTTP/1.1" 403 983
0:0:0:0:0:0:0:1 - - [12/May/2018:10:08:43 +0530] "DELETE /CollaborationController/deleteByUserName-KOo HTTP/1.1" 403 983
127.0.0.1 - - [12/May/2018:10:09:14 +0530] "GET / HTTP/1.1" 404 1074
0:0:0:0:0:0:0:1 - - [12/May/2018:10:10:10 +0530] "DELETE /CollaborationController/deleteByUserName-KOo HTTP/1.1" 403 983
0:0:0:0:0:0:0:1 - - [12/May/2018:10:10:12 +0530] "DELETE /CollaborationController/deleteByUserName-KOo HTTP/1.1" 403 983
127.0.0.1 - - [12/May/2018:10:10:37 +0530] "GET / HTTP/1.1" 404 1074
0:0:0:0:0:0:0:1 - - [12/May/2018:10:10:46 +0530] "DELETE /CollaborationController/deleteByUserName-KOo HTTP/1.1" 404 303
0:0:0:0:0:0:0:1 - - [12/May/2018:10:11:00 +0530] "DELETE /CollaborationController/deleteByUserName-Mark HTTP/1.1" 404 304
0:0:0:0:0:0:0:1 - - [12/May/2018:10:15:42 +0530] "GET /CollaborationController/getAllUserList HTTP/1.1" 200 994
0:0:0:0:0:0:0:1 - - [12/May/2018:10:18:45 +0530] "PUT /CollaborationController/updateUser HTTP/1.1" 200 336
0:0:0:0:0:0:0:1 - - [12/May/2018:10:20:25 +0530] "GET /CollaborationController/deleteByUserName-Madu HTTP/1.1" 405 1114
0:0:0:0:0:0:0:1 - - [12/May/2018:10:20:54 +0530] "GET /CollaborationController/deleteByUserName-Madu HTTP/1.1" 405 1114
0:0:0:0:0:0:0:1 - - [12/May/2018:10:21:22 +0530] "DELETE /CollaborationController/deleteByUserName-Madu HTTP/1.1" 200 336
0:0:0:0:0:0:0:1 - - [12/May/2018:10:22:04 +0530] "PUT /CollaborationController/updateUser HTTP/1.1" 200 337
0:0:0:0:0:0:0:1 - - [12/May/2018:10:22:58 +0530] "PUT /CollaborationController/updateUser HTTP/1.1" 200 359
0:0:0:0:0:0:0:1 - - [12/May/2018:10:35:15 +0530] "POST /CollaborationController/addUser HTTP/1.1" 409 335
0:0:0:0:0:0:0:1 - - [12/May/2018:10:36:40 +0530] "POST /CollaborationController/addUser HTTP/1.1" 409 352
127.0.0.1 - - [12/May/2018:10:37:46 +0530] "GET / HTTP/1.1" 404 1074
0:0:0:0:0:0:0:1 - - [12/May/2018:10:37:55 +0530] "POST /CollaborationController/addUser HTTP/1.1" 409 352
0:0:0:0:0:0:0:1 - - [12/May/2018:10:53:29 +0530] "POST /CollaborationController/login HTTP/1.1" 200 310
0:0:0:0:0:0:0:1 - - [12/May/2018:10:53:58 +0530] "POST /CollaborationController/login HTTP/1.1" 200 309
0:0:0:0:0:0:0:1 - - [12/May/2018:10:54:25 +0530] "POST /CollaborationController/login HTTP/1.1" 200 307
0:0:0:0:0:0:0:1 - - [12/May/2018:10:54:34 +0530] "POST /CollaborationController/login HTTP/1.1" 200 305
0:0:0:0:0:0:0:1 - - [12/May/2018:10:56:00 +0530] "POST /CollaborationController/login HTTP/1.1" 200 305
0:0:0:0:0:0:0:1 - - [12/May/2018:10:56:14 +0530] "POST /CollaborationController/login HTTP/1.1" 200 305
0:0:0:0:0:0:0:1 - - [12/May/2018:10:56:16 +0530] "POST /CollaborationController/login HTTP/1.1" 200 305
0:0:0:0:0:0:0:1 - - [12/May/2018:10:56:17 +0530] "POST /CollaborationController/login HTTP/1.1" 200 305
0:0:0:0:0:0:0:1 - - [12/May/2018:10:56:30 +0530] "POST /CollaborationController/login HTTP/1.1" 200 309
0:0:0:0:0:0:0:1 - - [12/May/2018:10:58:19 +0530] "POST /CollaborationController/login HTTP/1.1" 200 309
0:0:0:0:0:0:0:1 - - [12/May/2018:10:58:41 +0530] "POST /CollaborationController/login HTTP/1.1" 200 305
0:0:0:0:0:0:0:1 - - [12/May/2018:21:21:52 +0530] "GET /CollaborationController/getAllJobs%22 HTTP/1.1" 404 1047
0:0:0:0:0:0:0:1 - - [12/May/2018:21:22:04 +0530] "GET /CollaborationController/getAllJobs%22 HTTP/1.1" 404 1047
127.0.0.1 - - [12/May/2018:21:22:40 +0530] "GET / HTTP/1.1" 404 1074
0:0:0:0:0:0:0:1 - - [12/May/2018:21:22:47 +0530] "GET /CollaborationController/getAllJobs HTTP/1.1" 200 2467
0:0:0:0:0:0:0:1 - - [12/May/2018:21:31:25 +0530] "PUT /CollaborationController/updateJob HTTP/1.1" 200 890
0:0:0:0:0:0:0:1 - - [12/May/2018:21:32:22 +0530] "PUT /CollaborationController/updateJob HTTP/1.1" 200 890
0:0:0:0:0:0:0:1 - - [12/May/2018:21:40:49 +0530] "POST /CollaborationController/getJob HTTP/1.1" 404 1047
0:0:0:0:0:0:0:1 - - [12/May/2018:21:41:13 +0530] "POST /CollaborationController/getJob HTTP/1.1" 404 1047
127.0.0.1 - - [12/May/2018:21:42:15 +0530] "GET / HTTP/1.1" 404 1074
0:0:0:0:0:0:0:1 - - [12/May/2018:21:42:40 +0530] "POST /CollaborationController/getJob HTTP/1.1" 500 8441
0:0:0:0:0:0:0:1 - - [12/May/2018:21:44:10 +0530] "GET /CollaborationController/getJob HTTP/1.1" 405 1114
127.0.0.1 - - [12/May/2018:21:45:02 +0530] "GET / HTTP/1.1" 404 1074
0:0:0:0:0:0:0:1 - - [12/May/2018:21:45:13 +0530] "GET /CollaborationController/getJob HTTP/1.1" 400 1127
0:0:0:0:0:0:0:1 - - [12/May/2018:21:48:50 +0530] "GET /CollaborationController/getJob HTTP/1.1" 400 1127
0:0:0:0:0:0:0:1 - - [12/May/2018:21:48:59 +0530] "GET /CollaborationController/getJob HTTP/1.1" 400 1127
127.0.0.1 - - [12/May/2018:21:49:22 +0530] "GET / HTTP/1.1" 404 1074
0:0:0:0:0:0:0:1 - - [12/May/2018:21:49:41 +0530] "GET /CollaborationController/getJob HTTP/1.1" 400 1127
0:0:0:0:0:0:0:1 - - [12/May/2018:21:55:04 +0530] "GET /CollaborationController/getAllJob HTTP/1.1" 404 1047
0:0:0:0:0:0:0:1 - - [12/May/2018:21:55:08 +0530] "GET /CollaborationController/getAllJob HTTP/1.1" 404 1047
0:0:0:0:0:0:0:1 - - [12/May/2018:21:55:18 +0530] "GET /CollaborationController/getAllJob HTTP/1.1" 404 1047
0:0:0:0:0:0:0:1 - - [12/May/2018:21:55:37 +0530] "GET /CollaborationController/getAllJob HTTP/1.1" 404 1047
0:0:0:0:0:0:0:1 - - [12/May/2018:21:55:39 +0530] "GET /CollaborationController/getAllJob HTTP/1.1" 404 1047
127.0.0.1 - - [12/May/2018:21:56:09 +0530] "GET / HTTP/1.1" 404 1074
0:0:0:0:0:0:0:1 - - [12/May/2018:21:56:19 +0530] "GET /CollaborationController/getAllJob HTTP/1.1" 404 1047
0:0:0:0:0:0:0:1 - - [12/May/2018:21:56:33 +0530] "GET /CollaborationController/getAllJobs HTTP/1.1" 200 2358
0:0:0:0:0:0:0:1 - - [12/May/2018:21:57:08 +0530] "POST /CollaborationController/getAllJobs HTTP/1.1" 405 1115
0:0:0:0:0:0:0:1 - - [12/May/2018:21:57:19 +0530] "POST /CollaborationController/addJob HTTP/1.1" 200 888
0:0:0:0:0:0:0:1 - - [12/May/2018:21:57:57 +0530] "DELETE /CollaborationController/deleteJob-109 HTTP/1.1" 200 311
0:0:0:0:0:0:0:1 - - [12/May/2018:22:16:43 +0530] "GET /CollaborationController/getJobByID-101 HTTP/1.1" 404 312
0:0:0:0:0:0:0:1 - - [12/May/2018:22:17:13 +0530] "GET /CollaborationController/getJobByID-102 HTTP/1.1" 200 883
0:0:0:0:0:0:0:1 - - [12/May/2018:22:17:19 +0530] "GET /CollaborationController/getJobByID-101 HTTP/1.1" 200 660
0:0:0:0:0:0:0:1 - - [12/May/2018:22:17:49 +0530] "GET /CollaborationController/getJobByID-106 HTTP/1.1" 404 311
0:0:0:0:0:0:0:1 - - [12/May/2018:22:18:08 +0530] "GET /CollaborationController/getJobByID-106 HTTP/1.1" 404 311
0:0:0:0:0:0:0:1 - - [12/May/2018:22:18:18 +0530] "GET /CollaborationController/getJobByID-106 HTTP/1.1" 404 312
0:0:0:0:0:0:0:1 - - [12/May/2018:22:27:59 +0530] "GET /CollaborationController/getJobByStatus-%7Bstatus%7D HTTP/1.1" 400 1127
0:0:0:0:0:0:0:1 - - [12/May/2018:22:28:14 +0530] "GET /CollaborationController/getJobByStatus-K HTTP/1.1" 404 310
0:0:0:0:0:0:0:1 - - [12/May/2018:22:28:47 +0530] "GET /CollaborationController/getJobByStatus-K HTTP/1.1" 404 310
0:0:0:0:0:0:0:1 - - [12/May/2018:22:28:57 +0530] "GET /CollaborationController/getJobByStatus-K HTTP/1.1" 404 318
0:0:0:0:0:0:0:1 - - [12/May/2018:22:29:14 +0530] "GET /CollaborationController/getJobByStatus-o HTTP/1.1" 404 318
0:0:0:0:0:0:0:1 - - [12/May/2018:22:29:20 +0530] "GET /CollaborationController/getJobByStatus-O HTTP/1.1" 404 318
0:0:0:0:0:0:0:1 - - [12/May/2018:22:29:28 +0530] "GET /CollaborationController/getJobByStatus-P HTTP/1.1" 404 318
0:0:0:0:0:0:0:1 - - [12/May/2018:22:29:51 +0530] "GET /CollaborationController/getJobByStatus-P HTTP/1.1" 404 318
0:0:0:0:0:0:0:1 - - [12/May/2018:22:30:10 +0530] "GET /CollaborationController/getJobByStatus-P HTTP/1.1" 404 318
0:0:0:0:0:0:0:1 - - [12/May/2018:22:30:28 +0530] "GET /CollaborationController/getJobByStatus-R HTTP/1.1" 404 318
0:0:0:0:0:0:0:1 - - [12/May/2018:22:30:30 +0530] "GET /CollaborationController/getJobByStatus-R HTTP/1.1" 404 318
0:0:0:0:0:0:0:1 - - [12/May/2018:22:30:30 +0530] "GET /CollaborationController/getJobByStatus-R HTTP/1.1" 404 318
0:0:0:0:0:0:0:1 - - [12/May/2018:22:30:31 +0530] "GET /CollaborationController/getJobByStatus-R HTTP/1.1" 404 318
0:0:0:0:0:0:0:1 - - [12/May/2018:22:30:31 +0530] "GET /CollaborationController/getJobByStatus-R HTTP/1.1" 404 318
0:0:0:0:0:0:0:1 - - [12/May/2018:22:30:31 +0530] "GET /CollaborationController/getJobByStatus-R HTTP/1.1" 404 318
0:0:0:0:0:0:0:1 - - [12/May/2018:22:30:32 +0530] "GET /CollaborationController/getJobByStatus-R HTTP/1.1" 404 318
0:0:0:0:0:0:0:1 - - [12/May/2018:22:30:32 +0530] "GET /CollaborationController/getJobByStatus-R HTTP/1.1" 404 318
0:0:0:0:0:0:0:1 - - [12/May/2018:22:30:32 +0530] "GET /CollaborationController/getJobByStatus-R HTTP/1.1" 404 318
0:0:0:0:0:0:0:1 - - [12/May/2018:22:31:12 +0530] "GET /CollaborationController/getJobByStatus-R HTTP/1.1" 404 318
0:0:0:0:0:0:0:1 - - [12/May/2018:22:31:20 +0530] "GET /CollaborationController/getJobByStatus-R HTTP/1.1" 500 1144
0:0:0:0:0:0:0:1 - - [12/May/2018:22:31:38 +0530] "GET /CollaborationController/getJobByStatus-R HTTP/1.1" 500 1144
0:0:0:0:0:0:0:1 - - [12/May/2018:22:31:39 +0530] "GET /CollaborationController/getJobByStatus-R HTTP/1.1" 500 1144
0:0:0:0:0:0:0:1 - - [12/May/2018:22:31:39 +0530] "GET /CollaborationController/getJobByStatus-R HTTP/1.1" 500 1144
0:0:0:0:0:0:0:1 - - [12/May/2018:22:32:03 +0530] "GET /CollaborationController/getJobByStatus-R HTTP/1.1" 404 318
127.0.0.1 - - [12/May/2018:22:33:01 +0530] "GET / HTTP/1.1" 404 1074
0:0:0:0:0:0:0:1 - - [12/May/2018:22:33:08 +0530] "GET /CollaborationController/getJobByStatus-R HTTP/1.1" 404 318
0:0:0:0:0:0:0:1 - - [12/May/2018:22:34:04 +0530] "GET /CollaborationController/getJobByID-101 HTTP/1.1" 200 660
0:0:0:0:0:0:0:1 - - [12/May/2018:22:36:24 +0530] "GET /CollaborationController/getJobByStatus-O HTTP/1.1" 404 318
0:0:0:0:0:0:0:1 - - [12/May/2018:22:38:34 +0530] "GET /CollaborationController/getJobByStatus-O HTTP/1.1" 404 318
0:0:0:0:0:0:0:1 - - [12/May/2018:22:38:35 +0530] "GET /CollaborationController/getJobByStatus-O HTTP/1.1" 404 318
0:0:0:0:0:0:0:1 - - [12/May/2018:22:38:36 +0530] "GET /CollaborationController/getJobByStatus-O HTTP/1.1" 404 318
0:0:0:0:0:0:0:1 - - [12/May/2018:22:38:36 +0530] "GET /CollaborationController/getJobByStatus-O HTTP/1.1" 404 318
0:0:0:0:0:0:0:1 - - [12/May/2018:22:38:37 +0530] "GET /CollaborationController/getJobByStatus-O HTTP/1.1" 404 318
0:0:0:0:0:0:0:1 - - [12/May/2018:22:38:37 +0530] "GET /CollaborationController/getJobByStatus-O HTTP/1.1" 404 318
127.0.0.1 - - [12/May/2018:22:39:04 +0530] "GET / HTTP/1.1" 404 1074
0:0:0:0:0:0:0:1 - - [12/May/2018:22:39:11 +0530] "GET /CollaborationController/getJobByStatus-O HTTP/1.1" 500 6621
127.0.0.1 - - [12/May/2018:22:46:43 +0530] "GET / HTTP/1.1" 404 1074
0:0:0:0:0:0:0:1 - - [12/May/2018:22:46:55 +0530] "GET /CollaborationController/getJobByStatus-O HTTP/1.1" 500 6621
0:0:0:0:0:0:0:1 - - [12/May/2018:22:48:17 +0530] "GET /CollaborationController/getJobByStatus-O HTTP/1.1" 500 6621
0:0:0:0:0:0:0:1 - - [12/May/2018:22:57:19 +0530] "GET /CollaborationController/getJobByStatus-O HTTP/1.1" 404 1047
127.0.0.1 - - [12/May/2018:23:00:50 +0530] "GET / HTTP/1.1" 404 1074
0:0:0:0:0:0:0:1 - - [12/May/2018:23:00:55 +0530] "GET /CollaborationController/getJobByStatus-O HTTP/1.1" 500 6615
0:0:0:0:0:0:0:1 - - [12/May/2018:23:01:45 +0530] "GET /CollaborationController/getJobByStatus-O HTTP/1.1" 500 6690
